error: expected `,`
 --> tests/invalid_cases/job/02_invalid_params_syntax.rs:3:24
  |
3 | #[job(id = 0, params(n t), result(Vec<u8>))]
  |                        ^
