error: Context Extensions traits cannot be derived for unit structs
 --> tests/ui/06_unit_struct.rs:4:8
  |
4 | struct MyContext;
  |        ^^^^^^^^^
